// Jest Snapshot v1, https://goo.gl/fbAQLP

exports[`<HomeScreen /> render when logged in 1`] = `
<RNCSafeAreaView
  edges={
    {
      "bottom": "additive",
      "left": "additive",
      "right": "additive",
      "top": "additive",
    }
  }
  style={
    {
      "alignItems": "center",
      "backgroundColor": "#F7F6BB",
      "flex": 1,
      "justifyContent": "center",
      "paddingVertical": 64,
    }
  }
>
  <Text
    style={
      {
        "color": "#114232",
        "fontSize": 32,
        "fontWeight": "bold",
      }
    }
  >
    Smart Kitchen App
  </Text>
  <View
    style={
      {
        "flexDirection": "row",
        "marginTop": 32,
      }
    }
  >
    <View
      accessibilityState={
        {
          "busy": undefined,
          "checked": undefined,
          "disabled": undefined,
          "expanded": undefined,
          "selected": undefined,
        }
      }
      accessibilityValue={
        {
          "max": undefined,
          "min": undefined,
          "now": undefined,
          "text": undefined,
        }
      }
      accessible={true}
      collapsable={false}
      focusable={true}
      onBlur={[Function]}
      onClick={[Function]}
      onFocus={[Function]}
      onResponderGrant={[Function]}
      onResponderMove={[Function]}
      onResponderRelease={[Function]}
      onResponderTerminate={[Function]}
      onResponderTerminationRequest={[Function]}
      onStartShouldSetResponder={[Function]}
      style={
        {
          "backgroundColor": "#87A922",
          "height": 60,
          "justifyContent": "center",
          "marginRight": 16,
          "width": 100,
        }
      }
    >
      <Text
        style={
          {
            "color": "white",
            "fontSize": 16,
            "textAlign": "center",
          }
        }
      >
        Log In
      </Text>
    </View>
    <View
      accessibilityState={
        {
          "busy": undefined,
          "checked": undefined,
          "disabled": undefined,
          "expanded": undefined,
          "selected": undefined,
        }
      }
      accessibilityValue={
        {
          "max": undefined,
          "min": undefined,
          "now": undefined,
          "text": undefined,
        }
      }
      accessible={true}
      collapsable={false}
      focusable={true}
      onBlur={[Function]}
      onClick={[Function]}
      onFocus={[Function]}
      onResponderGrant={[Function]}
      onResponderMove={[Function]}
      onResponderRelease={[Function]}
      onResponderTerminate={[Function]}
      onResponderTerminationRequest={[Function]}
      onStartShouldSetResponder={[Function]}
      style={
        {
          "backgroundColor": "#87A922",
          "height": 60,
          "justifyContent": "center",
          "marginRight": 16,
          "width": 100,
        }
      }
    >
      <Text
        onPress={[Function]}
        style={
          {
            "color": "white",
            "fontSize": 16,
            "textAlign": "center",
          }
        }
      >
        Sign Up
      </Text>
    </View>
  </View>
</RNCSafeAreaView>
`;
