// Jest Snapshot v1, https://goo.gl/fbAQLP

exports[`<LoginScreen /> renders correctly 1`] = `
<View
  onLayout={[Function]}
  style={
    {
      "alignItems": "center",
      "backgroundColor": "#F7F6BB",
      "flex": 1,
      "justifyContent": "center",
      "padding": 32,
    }
  }
>
  <Text
    style={
      {
        "alignSelf": "flex-start",
        "color": "#114232",
        "fontSize": 24,
        "fontWeight": "bold",
        "marginBottom": 24,
      }
    }
  >
    Log In
  </Text>
  <TextInput
    autoCapitalize="none"
    onChangeText={[Function]}
    placeholder="Email"
    style={
      {
        "borderBottomWidth": 1,
        "borderColor": "#87A922",
        "height": 40,
        "marginBottom": 12,
        "paddingHorizontal": 8,
        "width": "100%",
      }
    }
    value=""
  />
  <TextInput
    autoCapitalize="none"
    onChangeText={[Function]}
    placeholder="Password"
    secureTextEntry={true}
    style={
      {
        "borderBottomWidth": 1,
        "borderColor": "#87A922",
        "height": 40,
        "marginBottom": 12,
        "paddingHorizontal": 8,
        "width": "100%",
      }
    }
    value=""
  />
  <View
    accessibilityState={
      {
        "busy": undefined,
        "checked": undefined,
        "disabled": undefined,
        "expanded": undefined,
        "selected": undefined,
      }
    }
    accessibilityValue={
      {
        "max": undefined,
        "min": undefined,
        "now": undefined,
        "text": undefined,
      }
    }
    accessible={true}
    collapsable={false}
    focusable={true}
    onBlur={[Function]}
    onClick={[Function]}
    onFocus={[Function]}
    onResponderGrant={[Function]}
    onResponderMove={[Function]}
    onResponderRelease={[Function]}
    onResponderTerminate={[Function]}
    onResponderTerminationRequest={[Function]}
    onStartShouldSetResponder={[Function]}
    style={
      {
        "alignItems": "center",
        "backgroundColor": "#87A922",
        "height": 40,
        "justifyContent": "center",
        "marginTop": 20,
        "width": 100,
      }
    }
  >
    <Text
      style={
        {
          "color": "white",
        }
      }
    >
      Log In
    </Text>
  </View>
</View>
`;
